<html>
<body>
<pre>
<h1>µVision Build Log</h1>
<h2>Tool Versions:</h2>
IDE-Version: µVision V5.17.0.0
Copyright (C) 2015 ARM Ltd and ARM Germany GmbH. All rights reserved.
License Information: jala sai, lenovo, LIC=----
 
Tool Versions:
Toolchain:       MDK-Lite  Version: 5.17
Toolchain Path:  C:\Keil_v5\ARM\ARMCC\Bin
C Compiler:      Armcc.exe V5.06 update 1 (build 61)
Assembler:       Armasm.exe V5.06 update 1 (build 61)
Linker/Locator:  ArmLink.exe V5.06 update 1 (build 61)
Library Manager: ArmAr.exe V5.06 update 1 (build 61)
Hex Converter:   FromElf.exe V5.06 update 1 (build 61)
CPU DLL:         SARMCM3.DLL V5.17
Dialog DLL:      DCM.DLL V1.13.4.0
Target DLL:      STLink\ST-LINKIII-KEIL_SWO.dll V2.0.18.0
Dialog DLL:      TCM.DLL V1.14.6.0
 
<h2>Project:</h2>
C:\Users\sai\OneDrive\Desktop\Documents\1_raayanmini assignments\2_Lab assignments\10_SPI_1\3_SP1_1_BOARD_TO_BOARD\raayanmini.uvprojx
Project File Date:  03/03/2026

<h2>Output:</h2>
*** Using Compiler 'V5.06 update 1 (build 61)', folder: 'C:\Keil_v5\ARM\ARMCC\Bin'
Rebuild target 'Target 1'
compiling GPIO.c...
SRC\../inc/stm32f401rbt6.h(41): warning:  #47-D: incompatible redefinition of macro "USART2_BASEADDR" (declared at line 33)
  #define USART2_BASEADDR 0x40013000
SRC\GPIO.c: 1 warning, 0 errors
assembling startup_stm32f401xc.s...
compiling lcd.c...
SRC\../inc/stm32f401rbt6.h(41): warning:  #47-D: incompatible redefinition of macro "USART2_BASEADDR" (declared at line 33)
  #define USART2_BASEADDR 0x40013000
SRC\../inc/SYSCFG.h(2): warning:  #1295-D: Deprecated declaration KM_SYSCFG_CONFIG - give arg types
  void KM_SYSCFG_CONFIG();
SRC\../inc/USART2.h(2): warning:  #1295-D: Deprecated declaration KM_USART2_MUX_INIT - give arg types
  void KM_USART2_MUX_INIT();
SRC\../inc/USART2.h(3): warning:  #1295-D: Deprecated declaration KM_USART2_CONFIG - give arg types
  void KM_USART2_CONFIG();
SRC\lcd.c: 4 warnings, 0 errors
compiling SPI_1.c...
SRC\../inc/stm32f401rbt6.h(41): warning:  #47-D: incompatible redefinition of macro "USART2_BASEADDR" (declared at line 33)
  #define USART2_BASEADDR 0x40013000
SRC\../inc/SPI_1.h(3): warning:  #1295-D: Deprecated declaration SPI1_MUX_INIT - give arg types
  void SPI1_MUX_INIT();
SRC\../inc/SPI_1.h(4): warning:  #1295-D: Deprecated declaration SPI1_CONFIG - give arg types
  void SPI1_CONFIG();
SRC\SPI_1.c(66): warning:  #550-D: parameter "ch" was set but never used
  void SPI1_INCHAR(unsigned char ch)
SRC\SPI_1.c: 4 warnings, 0 errors
compiling systicktimer.c...
SRC\../inc/STM32F401RBT6.h(41): warning:  #47-D: incompatible redefinition of macro "USART2_BASEADDR" (declared at line 33)
  #define USART2_BASEADDR 0x40013000
SRC\systicktimer.c: 1 warning, 0 errors
compiling main.c...
.\INC\../inc/stm32f401rbt6.h(41): warning:  #47-D: incompatible redefinition of macro "USART2_BASEADDR" (declared at line 33)
  #define USART2_BASEADDR 0x40013000
.\INC\../inc/SPI_1.h(3): warning:  #1295-D: Deprecated declaration SPI1_MUX_INIT - give arg types
  void SPI1_MUX_INIT();
.\INC\../inc/SPI_1.h(4): warning:  #1295-D: Deprecated declaration SPI1_CONFIG - give arg types
  void SPI1_CONFIG();
.\INC\../inc/SYSCFG.h(2): warning:  #1295-D: Deprecated declaration KM_SYSCFG_CONFIG - give arg types
  void KM_SYSCFG_CONFIG();
main.c(57): warning:  #167-D: argument of type "unsigned char *" is incompatible with parameter of type "char *"
             KM_LCD_WRITE_STR(str1);
main.c(59): warning:  #167-D: argument of type "unsigned char *" is incompatible with parameter of type "char *"
             KM_LCD_WRITE_STR(str2);
main.c: 6 warnings, 0 errors
compiling SYSCFG.c...
SRC\../inc/stm32f401rbt6.h(41): warning:  #47-D: incompatible redefinition of macro "USART2_BASEADDR" (declared at line 33)
  #define USART2_BASEADDR 0x40013000
SRC\../inc/USART2.h(2): warning:  #1295-D: Deprecated declaration KM_USART2_MUX_INIT - give arg types
  void KM_USART2_MUX_INIT();
SRC\../inc/USART2.h(3): warning:  #1295-D: Deprecated declaration KM_USART2_CONFIG - give arg types
  void KM_USART2_CONFIG();
SRC\../inc/SYSCFG.h(2): warning:  #1295-D: Deprecated declaration KM_SYSCFG_CONFIG - give arg types
  void KM_SYSCFG_CONFIG();
SRC\SYSCFG.c: 4 warnings, 0 errors
compiling system_stm32f4xx.c...
linking...
Program Size: Code=1792 RO-data=436 RW-data=48 ZI-data=1632  
".\Objects\raayanmini.axf" - 0 Error(s), 20 Warning(s).

<h2>Software Packages used:</h2>

Package Vendor: ARM
                http://www.keil.com/pack/ARM.CMSIS.4.5.0.pack
                ARM::CMSIS:CORE:4.3.0
                CMSIS (Cortex Microcontroller Software Interface Standard)
   * Component: CORE Version: 4.3.0

Package Vendor: Keil
                https://www.keil.com/pack/Keil.STM32F4xx_DFP.2.17.1.pack
                Keil::Device:Startup:2.6.3
                STMicroelectronics STM32F4 Series Device Support, Drivers and Examples
   * Component: Startup Version: 2.6.3

<h2>Collection of Component include folders:</h2>
  C:\Users\sai\OneDrive\Desktop\Documents\1_raayanmini assignments\2_Lab assignments\10_SPI_1\3_SP1_1_BOARD_TO_BOARD\RTE
  C:\Keil_v5\ARM\PACK\ARM\CMSIS\4.5.0\CMSIS\Include
  C:\Keil_v5\ARM\PACK\Keil\STM32F4xx_DFP\2.17.1\Drivers\CMSIS\Device\ST\STM32F4xx\Include

<h2>Collection of Component Files used:</h2>

   * Component: ARM::CMSIS:CORE:4.3.0

   * Component: Keil::Device:Startup:2.6.3
      Source file:   MDK\Device\Source\ARM\STM32F4xx_OTP.s
      Include file:  Drivers\CMSIS\Device\ST\STM32F4xx\Include\stm32f4xx.h
      Source file:   Drivers\CMSIS\Device\ST\STM32F4xx\Source\Templates\arm\startup_stm32f401xc.s
      Source file:   MDK\Device\Source\ARM\STM32F401xx_OPT.s
      Source file:   Drivers\CMSIS\Device\ST\STM32F4xx\Source\Templates\system_stm32f4xx.c
Build Time Elapsed:  00:00:01
</pre>
</body>
</html>
